// Vitest Snapshot v1, https://vitest.dev/guide/snapshot.html

exports[`ThemeConfig > Example with chineese core locales and pl translations in datagrid 1`] = `
<div>
  <div
    style="height: 400px;"
  >
    <div
      class="MuiDataGrid-root MuiDataGrid-root--densityStandard MuiDataGrid-root--noToolbar MuiDataGrid-withBorderColor css-vr43xx-MuiDataGrid-root"
      style="--DataGrid-width: 0px; --DataGrid-hasScrollX: 1; --DataGrid-hasScrollY: 0; --DataGrid-scrollbarSize: 0px; --DataGrid-rowWidth: 150px; --DataGrid-columnsTotalWidth: 150px; --DataGrid-leftPinnedWidth: 0px; --DataGrid-rightPinnedWidth: 0px; --DataGrid-headerHeight: 56px; --DataGrid-headersTotalHeight: 56px; --DataGrid-topContainerHeight: 56px; --DataGrid-bottomContainerHeight: 0px; --height: 52px;"
    >
      <div
        aria-colcount="1"
        aria-multiselectable="false"
        aria-rowcount="1"
        class="MuiDataGrid-main css-3eek4p-MuiDataGrid-main"
        role="grid"
        tabindex="-1"
      >
        <div
          class="css-qtdhae"
          data-id="gridPanelAnchor"
          role="presentation"
        />
        <div
          class="MuiDataGrid-virtualScroller css-1793420-MuiDataGrid-virtualScroller"
          role="presentation"
          style="overflow-x: hidden;"
        >
          <div
            class="MuiDataGrid-topContainer MuiDataGrid-container--top css-2sp4oa"
            role="presentation"
          >
            <div
              class="MuiDataGrid-columnHeaders css-1pmk00y-MuiDataGrid-columnHeaders"
              role="presentation"
            >
              <div
                aria-rowindex="1"
                class="MuiDataGrid-row--borderBottom css-yrdy0g-MuiDataGrid-columnHeaderRow"
                role="row"
              >
                <div
                  role="presentation"
                  style="width: 0px;"
                />
                <div
                  aria-colindex="1"
                  aria-label="First name"
                  aria-sort="none"
                  class="MuiDataGrid-columnHeader MuiDataGrid-columnHeader--sortable MuiDataGrid-withBorderColor MuiDataGrid-columnHeader--last"
                  data-field="firstName"
                  role="columnheader"
                  style="height: 56px; width: 150px; min-width: 150px; max-width: 150px;"
                  tabindex="0"
                >
                  <div
                    class="MuiDataGrid-columnHeaderDraggableContainer"
                    draggable="false"
                    role="presentation"
                  >
                    <div
                      class="MuiDataGrid-columnHeaderTitleContainer"
                      role="presentation"
                    >
                      <div
                        class="MuiDataGrid-columnHeaderTitleContainerContent"
                      >
                        <div
                          aria-label=""
                          class="MuiDataGrid-columnHeaderTitle css-t89xny-MuiDataGrid-columnHeaderTitle"
                          data-mui-internal-clone-element="true"
                        >
                          First name
                        </div>
                      </div>
                      <div
                        class="MuiDataGrid-iconButtonContainer css-ltf0zy-MuiDataGrid-iconButtonContainer"
                      >
                        <button
                          aria-label="Sortuj"
                          class="MuiButtonBase-root MuiIconButton-root MuiIconButton-sizeSmall css-1dw0joi-MuiButtonBase-root-MuiIconButton-root"
                          field="firstName"
                          tabindex="-1"
                          title="Sortuj"
                          type="button"
                        >
                          <svg
                            aria-hidden="true"
                            class="MuiSvgIcon-root MuiSvgIcon-fontSizeSmall MuiDataGrid-sortIcon css-1cea49u-MuiSvgIcon-root"
                            data-testid="ArrowUpwardIcon"
                            focusable="false"
                            viewBox="0 0 24 24"
                          >
                            <path
                              d="M4 12l1.41 1.41L11 7.83V20h2V7.83l5.58 5.59L20 12l-8-8-8 8z"
                            />
                          </svg>
                          <span
                            class="MuiTouchRipple-root css-8je8zh-MuiTouchRipple-root"
                          />
                        </button>
                      </div>
                    </div>
                    <div
                      class="MuiDataGrid-menuIcon"
                    >
                      <button
                        aria-expanded="false"
                        aria-haspopup="menu"
                        aria-label="Menu"
                        class="MuiButtonBase-root MuiIconButton-root MuiIconButton-sizeSmall MuiDataGrid-menuIconButton css-1dw0joi-MuiButtonBase-root-MuiIconButton-root"
                        data-mui-internal-clone-element="true"
                        id=":r4:"
                        tabindex="-1"
                        type="button"
                      >
                        <svg
                          aria-hidden="true"
                          class="MuiSvgIcon-root MuiSvgIcon-fontSizeSmall css-1cea49u-MuiSvgIcon-root"
                          data-testid="TripleDotsVerticalIcon"
                          focusable="false"
                          viewBox="0 0 24 24"
                        >
                          <path
                            d="M12 8c1.1 0 2-.9 2-2s-.9-2-2-2-2 .9-2 2 .9 2 2 2zm0 2c-1.1 0-2 .9-2 2s.9 2 2 2 2-.9 2-2-.9-2-2-2zm0 6c-1.1 0-2 .9-2 2s.9 2 2 2 2-.9 2-2-.9-2-2-2z"
                          />
                        </svg>
                        <span
                          class="MuiTouchRipple-root css-8je8zh-MuiTouchRipple-root"
                        />
                      </button>
                    </div>
                  </div>
                  <div
                    class="MuiDataGrid-columnSeparator MuiDataGrid-columnSeparator--resizable MuiDataGrid-columnSeparator--sideRight"
                    style="min-height: 56px; opacity: 1;"
                  >
                    <svg
                      aria-hidden="true"
                      class="MuiSvgIcon-root MuiSvgIcon-fontSizeMedium MuiDataGrid-iconSeparator css-1rrw7xm-MuiSvgIcon-root"
                      data-testid="SeparatorIcon"
                      focusable="false"
                      viewBox="0 0 24 24"
                    >
                      <path
                        d="M11 19V5h2v14z"
                      />
                    </svg>
                  </div>
                </div>
                <div
                  class="MuiDataGrid-filler"
                  role="presentation"
                />
                <div
                  class="MuiDataGrid-scrollbarFiller MuiDataGrid-scrollbarFiller--header"
                  role="presentation"
                />
              </div>
            </div>
          </div>
          <div
            class="MuiDataGrid-overlayWrapper css-74bi4q-MuiDataGrid-overlayWrapper"
          >
            <div
              class="MuiDataGrid-overlayWrapperInner css-1akuw9y-MuiDataGrid-overlayWrapperInner"
              style="height: -56px; width: 0px;"
            >
              <div
                class="MuiDataGrid-overlay css-1w53k9d-MuiDataGrid-overlay"
              >
                Brak danych
              </div>
            </div>
          </div>
          <div
            class="MuiDataGrid-virtualScrollerContent css-1kwdphh-MuiDataGrid-virtualScrollerContent"
            role="presentation"
            style="width: auto; height: 0px;"
          >
            <div
              class="MuiDataGrid-virtualScrollerRenderZone css-s1v7zr-MuiDataGrid-virtualScrollerRenderZone"
              role="rowgroup"
              style="transform: translate3d(0, 0px, 0);"
            />
          </div>
          <div
            class="MuiDataGrid-bottomContainer MuiDataGrid-container--bottom css-14egwce"
            role="presentation"
          />
        </div>
        <div
          aria-hidden="true"
          class="MuiDataGrid-scrollbar MuiDataGrid-scrollbar--horizontal css-1rtad1"
          tabindex="-1"
        >
          <div
            class="MuiDataGrid-scrollbarContent css-1baulvz"
          />
        </div>
      </div>
    </div>
    <div
      class="MuiTablePagination-root css-19eh4pg-MuiTablePagination-root"
    >
      <div
        class="MuiToolbar-root MuiToolbar-gutters MuiToolbar-regular MuiTablePagination-toolbar css-mho382-MuiToolbar-root-MuiTablePagination-toolbar"
      >
        <div
          class="MuiTablePagination-spacer css-1psng7p-MuiTablePagination-spacer"
        />
        <p
          class="MuiTablePagination-selectLabel css-vg9wej-MuiTablePagination-selectLabel"
          id=":r1:"
        >
          每页行数:
        </p>
        <div
          class="MuiInputBase-root MuiInputBase-colorPrimary MuiTablePagination-input css-1ned3pt-MuiInputBase-root-MuiTablePagination-select"
        >
          <div
            aria-controls=":r2:"
            aria-expanded="false"
            aria-haspopup="listbox"
            aria-labelledby=":r1: :r0:"
            class="MuiSelect-select MuiTablePagination-select MuiSelect-standard MuiInputBase-input css-d5l9zj-MuiSelect-select-MuiInputBase-input"
            id=":r0:"
            role="combobox"
            tabindex="0"
          >
            10
          </div>
          <input
            aria-hidden="true"
            aria-invalid="false"
            class="MuiSelect-nativeInput css-yf8vq0-MuiSelect-nativeInput"
            tabindex="-1"
            value="10"
          />
          <svg
            aria-hidden="true"
            class="MuiSvgIcon-root MuiSvgIcon-fontSizeMedium MuiSelect-icon MuiTablePagination-selectIcon MuiSelect-iconStandard css-19deldj-MuiSvgIcon-root-MuiSelect-icon"
            data-testid="ArrowDropDownIcon"
            focusable="false"
            viewBox="0 0 24 24"
          >
            <path
              d="M7 10l5 5 5-5z"
            />
          </svg>
        </div>
        <p
          class="MuiTablePagination-displayedRows css-qbny2j-MuiTablePagination-displayedRows"
        >
          第 11 条到第 20 条，共 2000 条
        </p>
        <div
          class="MuiTablePagination-actions"
        >
          <button
            aria-label="上一页"
            class="MuiButtonBase-root MuiIconButton-root MuiIconButton-colorInherit MuiIconButton-sizeMedium css-9q913r-MuiButtonBase-root-MuiIconButton-root"
            tabindex="0"
            title="上一页"
            type="button"
          >
            <svg
              aria-hidden="true"
              class="MuiSvgIcon-root MuiSvgIcon-fontSizeMedium css-1rrw7xm-MuiSvgIcon-root"
              data-testid="KeyboardArrowLeftIcon"
              focusable="false"
              viewBox="0 0 24 24"
            >
              <path
                d="M15.41 16.09l-4.58-4.59 4.58-4.59L14 5.5l-6 6 6 6z"
              />
            </svg>
            <span
              class="MuiTouchRipple-root css-8je8zh-MuiTouchRipple-root"
            />
          </button>
          <button
            aria-label="下一页"
            class="MuiButtonBase-root MuiIconButton-root MuiIconButton-colorInherit MuiIconButton-sizeMedium css-9q913r-MuiButtonBase-root-MuiIconButton-root"
            tabindex="0"
            title="下一页"
            type="button"
          >
            <svg
              aria-hidden="true"
              class="MuiSvgIcon-root MuiSvgIcon-fontSizeMedium css-1rrw7xm-MuiSvgIcon-root"
              data-testid="KeyboardArrowRightIcon"
              focusable="false"
              viewBox="0 0 24 24"
            >
              <path
                d="M8.59 16.34l4.58-4.59-4.58-4.59L10 5.75l6 6-6 6z"
              />
            </svg>
            <span
              class="MuiTouchRipple-root css-8je8zh-MuiTouchRipple-root"
            />
          </button>
        </div>
      </div>
    </div>
  </div>
</div>
`;

exports[`ThemeConfig > Minimum working example should work 1`] = `
<div>
  <div>
    test
  </div>
</div>
`;
